// Jest Snapshot v1, https://goo.gl/fbAQLP

exports[`expect to render SearchBox component 1`] = `
ShallowWrapper {
  Symbol(enzyme.__root__): [Circular],
  Symbol(enzyme.__unrendered__): <IOBoxes />,
  Symbol(enzyme.__renderer__): Object {
    "batchedUpdates": [Function],
    "getNode": [Function],
    "render": [Function],
    "simulateError": [Function],
    "simulateEvent": [Function],
    "unmount": [Function],
  },
  Symbol(enzyme.__node__): Object {
    "instance": null,
    "key": undefined,
    "nodeType": "host",
    "props": Object {
      "children": Array [
        <label>
          <input
            className="pa3 ba b--black bg-white"
            placeholder="Input"
            type="search"
          />
        </label>,
        <br />,
        <button
          className="w-30 grow f4 link ph3 pv2 dib white bg-red"
        >
          ➡
        </button>,
        <label>
          <input
            className="pa3 ba b--black bg-white"
            placeholder="Output"
            type="text"
          />
        </label>,
      ],
      "className": "pa2",
    },
    "ref": null,
    "rendered": Array [
      Object {
        "instance": null,
        "key": undefined,
        "nodeType": "host",
        "props": Object {
          "children": <input
            className="pa3 ba b--black bg-white"
            placeholder="Input"
            type="search"
          />,
        },
        "ref": null,
        "rendered": Object {
          "instance": null,
          "key": undefined,
          "nodeType": "host",
          "props": Object {
            "className": "pa3 ba b--black bg-white",
            "onChange": undefined,
            "placeholder": "Input",
            "type": "search",
          },
          "ref": null,
          "rendered": null,
          "type": "input",
        },
        "type": "label",
      },
      Object {
        "instance": null,
        "key": undefined,
        "nodeType": "host",
        "props": Object {},
        "ref": null,
        "rendered": null,
        "type": "br",
      },
      Object {
        "instance": null,
        "key": undefined,
        "nodeType": "host",
        "props": Object {
          "children": "➡",
          "className": "w-30 grow f4 link ph3 pv2 dib white bg-red",
          "onClick": undefined,
        },
        "ref": null,
        "rendered": "➡",
        "type": "button",
      },
      Object {
        "instance": null,
        "key": undefined,
        "nodeType": "host",
        "props": Object {
          "children": <input
            className="pa3 ba b--black bg-white"
            placeholder="Output"
            type="text"
          />,
        },
        "ref": null,
        "rendered": Object {
          "instance": null,
          "key": undefined,
          "nodeType": "host",
          "props": Object {
            "className": "pa3 ba b--black bg-white",
            "onChange": undefined,
            "placeholder": "Output",
            "type": "text",
          },
          "ref": null,
          "rendered": null,
          "type": "input",
        },
        "type": "label",
      },
    ],
    "type": "div",
  },
  Symbol(enzyme.__nodes__): Array [
    Object {
      "instance": null,
      "key": undefined,
      "nodeType": "host",
      "props": Object {
        "children": Array [
          <label>
            <input
              className="pa3 ba b--black bg-white"
              placeholder="Input"
              type="search"
            />
          </label>,
          <br />,
          <button
            className="w-30 grow f4 link ph3 pv2 dib white bg-red"
          >
            ➡
          </button>,
          <label>
            <input
              className="pa3 ba b--black bg-white"
              placeholder="Output"
              type="text"
            />
          </label>,
        ],
        "className": "pa2",
      },
      "ref": null,
      "rendered": Array [
        Object {
          "instance": null,
          "key": undefined,
          "nodeType": "host",
          "props": Object {
            "children": <input
              className="pa3 ba b--black bg-white"
              placeholder="Input"
              type="search"
            />,
          },
          "ref": null,
          "rendered": Object {
            "instance": null,
            "key": undefined,
            "nodeType": "host",
            "props": Object {
              "className": "pa3 ba b--black bg-white",
              "onChange": undefined,
              "placeholder": "Input",
              "type": "search",
            },
            "ref": null,
            "rendered": null,
            "type": "input",
          },
          "type": "label",
        },
        Object {
          "instance": null,
          "key": undefined,
          "nodeType": "host",
          "props": Object {},
          "ref": null,
          "rendered": null,
          "type": "br",
        },
        Object {
          "instance": null,
          "key": undefined,
          "nodeType": "host",
          "props": Object {
            "children": "➡",
            "className": "w-30 grow f4 link ph3 pv2 dib white bg-red",
            "onClick": undefined,
          },
          "ref": null,
          "rendered": "➡",
          "type": "button",
        },
        Object {
          "instance": null,
          "key": undefined,
          "nodeType": "host",
          "props": Object {
            "children": <input
              className="pa3 ba b--black bg-white"
              placeholder="Output"
              type="text"
            />,
          },
          "ref": null,
          "rendered": Object {
            "instance": null,
            "key": undefined,
            "nodeType": "host",
            "props": Object {
              "className": "pa3 ba b--black bg-white",
              "onChange": undefined,
              "placeholder": "Output",
              "type": "text",
            },
            "ref": null,
            "rendered": null,
            "type": "input",
          },
          "type": "label",
        },
      ],
      "type": "div",
    },
  ],
  Symbol(enzyme.__options__): Object {
    "adapter": ReactSixteenAdapter {
      "options": Object {
        "enableComponentDidUpdateOnSetState": true,
        "lifecycles": Object {
          "componentDidUpdate": Object {
            "onSetState": true,
          },
          "getDerivedStateFromProps": true,
          "getSnapshotBeforeUpdate": true,
          "setState": Object {
            "skipsComponentDidUpdateOnNullish": true,
          },
        },
      },
    },
  },
}
`;
